AS65001 lint
  warning lint/shadowed import (line 6): import term AS65002 | AS65002 never decides: earlier terms accept every route it accepts [AS65002; ipv4.unicast]
AS65001 -> AS65002 ipv4.unicast
  warning not-imported: AS65001's export (line 4) permits announcing routes AS65002's import refuses: 0.0.0.0/0^0-15, 0.0.0.0/0^17-32, 0.0.0.0/5^16, … (18 ranges; e.g. 0.0.0.0/0)
AS65002 -> AS65001 ipv4.unicast: consistent
AS65001 -> AS65002 ipv6.unicast: consistent
AS65002 -> AS65001 ipv6.unicast
  info no-export: AS65001 imports from AS65002, and AS65002's export has nothing toward AS65001
AS65001 -> AS65003 ipv4.unicast: consistent
AS65003 -> AS65001 ipv4.unicast: consistent
AS65001 -> AS65003 ipv6.unicast: consistent
AS65003 -> AS65001 ipv6.unicast: consistent
AS65001 -> AS65005 ipv4.unicast: consistent
AS65005 -> AS65001 ipv4.unicast
  warning no-import: AS65005 exports to AS65001, and AS65001's import has nothing from AS65005
AS65001 -> AS65005 ipv6.unicast: consistent
AS65005 -> AS65001 ipv6.unicast: consistent
