{"type":"issue","as":"AS65001","rule":"lint/shadowed","severity":"warning","message":"import term AS65002 | AS65002 never decides: earlier terms accept every route it accepts","attr":"import","index":1,"line":5,"peers":["AS65002"],"afs":["ipv4.unicast"]}
{"type":"issue","as":"AS65002","rule":"lint/no-aut-num","severity":"warning","message":"AS65004's aut-num is not in the source","index":-1,"peers":["AS65004"]}
{"type":"issue","as":"AS65005","rule":"lint/empty","severity":"info","message":"export term AS65001 | AS65005 accepts no route","attr":"export","index":0,"line":3,"peers":["AS65001"],"afs":["ipv4.unicast"]}
{"type":"direction","from":"AS65001","to":"AS65002","af":"ipv4.unicast","findings":1}
{"type":"finding","from":"AS65001","to":"AS65002","af":"ipv4.unicast","kind":"not-imported","severity":"warning","example":"0.0.0.0/0","ranges":["0.0.0.0/0^0-15","0.0.0.0/0^17-32","0.0.0.0/5^16","8.0.0.0/7^16","10.0.0.0/16","10.2.0.0/15^16","10.4.0.0/14^16","10.8.0.0/13^16","10.16.0.0/12^16","10.32.0.0/11^16","10.64.0.0/10^16","10.128.0.0/9^16","11.0.0.0/8^16","12.0.0.0/6^16","16.0.0.0/4^16","32.0.0.0/3^16","64.0.0.0/2^16","128.0.0.0/1^16"],"export_lines":[3]}
{"type":"direction","from":"AS65002","to":"AS65001","af":"ipv4.unicast","findings":0}
{"type":"direction","from":"AS65001","to":"AS65002","af":"ipv6.unicast","findings":0,"no_policy":true}
{"type":"direction","from":"AS65002","to":"AS65001","af":"ipv6.unicast","findings":1}
{"type":"finding","from":"AS65002","to":"AS65001","af":"ipv6.unicast","kind":"no-export","severity":"info","example":"::/0","ranges":["::/0^+"],"import_lines":[7]}
{"type":"direction","from":"AS65001","to":"AS65003","af":"ipv4.unicast","findings":0}
{"type":"direction","from":"AS65003","to":"AS65001","af":"ipv4.unicast","findings":0,"no_policy":true}
{"type":"direction","from":"AS65001","to":"AS65003","af":"ipv6.unicast","findings":0,"no_policy":true}
{"type":"direction","from":"AS65003","to":"AS65001","af":"ipv6.unicast","findings":0,"no_policy":true}
{"type":"direction","from":"AS65001","to":"AS65005","af":"ipv4.unicast","findings":0,"no_policy":true}
{"type":"direction","from":"AS65005","to":"AS65001","af":"ipv4.unicast","findings":0}
{"type":"direction","from":"AS65001","to":"AS65005","af":"ipv6.unicast","findings":0,"no_policy":true}
{"type":"direction","from":"AS65005","to":"AS65001","af":"ipv6.unicast","findings":0,"no_policy":true}
{"type":"direction","from":"AS65002","to":"AS65004","af":"ipv4.unicast","findings":1}
{"type":"finding","from":"AS65002","to":"AS65004","af":"ipv4.unicast","kind":"no-aut-num","severity":"warning","as":"AS65004"}
{"type":"direction","from":"AS65004","to":"AS65002","af":"ipv4.unicast","findings":1}
{"type":"finding","from":"AS65004","to":"AS65002","af":"ipv4.unicast","kind":"no-aut-num","severity":"warning","as":"AS65004"}
{"type":"direction","from":"AS65002","to":"AS65004","af":"ipv6.unicast","findings":1}
{"type":"finding","from":"AS65002","to":"AS65004","af":"ipv6.unicast","kind":"no-aut-num","severity":"warning","as":"AS65004"}
{"type":"direction","from":"AS65004","to":"AS65002","af":"ipv6.unicast","findings":1}
{"type":"finding","from":"AS65004","to":"AS65002","af":"ipv6.unicast","kind":"no-aut-num","severity":"warning","as":"AS65004"}
{"type":"totals","autnums":4,"pairs":8,"via_sets_skipped":0,"directions":16,"consistent":3,"no_policy":7,"kinds":{"no-aut-num":4,"no-export":1,"not-imported":1},"rules":{"lint/empty":1,"lint/no-aut-num":1,"lint/shadowed":1},"limits":0,"timeouts":0,"top":[{"as":"AS65002","warnings":6},{"as":"AS65004","warnings":4},{"as":"AS65001","warnings":2}]}
